com\hospital\controllers\AdminFormController.class
com\hospital\controllers\PatientDashboardController.class
com\hospital\controllers\HospitalRegistrationController.class
com\hospital\models\ActivityLog.class
com\hospital\models\Patient.class
com\hospital\controllers\TreatmentRequestFormController$2.class
com\hospital\controllers\DoctorFormController.class
com\patienthistory\Launcher.class
com\hospital\controllers\PatientDashboardController$2.class
com\hospital\controllers\PatientRegistrationController.class
com\hospital\controllers\PatientFormController.class
com\hospital\controllers\TreatmentRequestFormController$1.class
com\hospital\controllers\TreatmentRequestFormController.class
com\patienthistory\AppController.class
com\hospital\controllers\MedicalHistoryEditorController.class
com\hospital\models\Doctor.class
com\hospital\controllers\RegistrationChoiceController.class
com\hospital\utils\DatabaseManager.class
com\hospital\controllers\HospitalFormController.class
com\hospital\utils\Session.class
com\hospital\controllers\LoginController.class
com\hospital\utils\ChartUtils.class
com\hospital\models\Hospital.class
com\hospital\models\Admin.class
com\hospital\controllers\AdminDashboardController.class
com\hospital\controllers\PatientDashboardController$1.class
com\hospital\utils\DoctorHospitalUpdater.class
com\hospital\Main.class
com\hospital\models\TreatmentRequest.class
com\patienthistory\App.class
com\hospital\controllers\HospitalDashboardController.class
com\hospital\controllers\DoctorDashboardController.class
