E:\patient-history-mangment-main\src\main\java\com\hospital\utils\ChartUtils.java
E:\patient-history-mangment-main\src\main\java\com\hospital\controllers\DoctorFormController.java
E:\patient-history-mangment-main\src\main\java\com\hospital\Main.java
E:\patient-history-mangment-main\src\main\java\com\hospital\utils\DatabaseManager.java
E:\patient-history-mangment-main\src\main\java\com\hospital\controllers\HospitalDashboardController.java
E:\patient-history-mangment-main\src\main\java\com\hospital\models\Hospital.java
E:\patient-history-mangment-main\src\main\java\com\hospital\controllers\DoctorDashboardController.java
E:\patient-history-mangment-main\src\main\java\com\hospital\controllers\HospitalFormController.java
E:\patient-history-mangment-main\src\main\java\com\hospital\controllers\LoginController.java
E:\patient-history-mangment-main\src\main\java\com\patienthistory\AppController.java
E:\patient-history-mangment-main\src\main\java\com\hospital\utils\DoctorHospitalUpdater.java
E:\patient-history-mangment-main\src\main\java\com\patienthistory\App.java
E:\patient-history-mangment-main\src\main\java\com\hospital\controllers\RegistrationChoiceController.java
E:\patient-history-mangment-main\src\main\java\com\hospital\controllers\HospitalRegistrationController.java
E:\patient-history-mangment-main\src\main\java\com\hospital\controllers\TreatmentRequestFormController.java
E:\patient-history-mangment-main\src\main\java\com\hospital\models\TreatmentRequest.java
E:\patient-history-mangment-main\src\main\java\com\hospital\controllers\PatientRegistrationController.java
E:\patient-history-mangment-main\src\main\java\com\hospital\controllers\PatientFormController.java
E:\patient-history-mangment-main\src\main\java\com\hospital\models\Admin.java
E:\patient-history-mangment-main\src\main\java\com\hospital\controllers\MedicalHistoryEditorController.java
E:\patient-history-mangment-main\src\main\java\com\hospital\controllers\AdminFormController.java
E:\patient-history-mangment-main\src\main\java\com\hospital\models\Patient.java
E:\patient-history-mangment-main\src\main\java\com\hospital\controllers\AdminDashboardController.java
E:\patient-history-mangment-main\src\main\java\com\hospital\controllers\PatientDashboardController.java
E:\patient-history-mangment-main\src\main\java\com\hospital\utils\Session.java
E:\patient-history-mangment-main\src\main\java\com\hospital\models\Doctor.java
E:\patient-history-mangment-main\src\main\java\com\patienthistory\Launcher.java
E:\patient-history-mangment-main\src\main\java\com\hospital\models\ActivityLog.java
